gdsStdFillerCell
FILL1AD
FILL16AD
FILL2AD
FILL32AD
FILL4AD
FILL64AD
FILL8AD
FILLCAP16AD
FILLCAP3AD
FILLCAP32AD
FILLCAP4AD
FILLCAP64AD
FILLCAP8AD
gdsStandardCell
ANTENNAAD
ACCSHCINX2AD
ACCSHCINX4AD
ACCSHCONX2AD
ACCSHCONX4AD
ACCSIHCONX2AD
ACCSIHCONX4AD
ACHCINX2AD
ACHCINX4AD
ACHCONX2AD
ACHCONX4AD
ADDFHX1AD
ADDFHX2AD
ADDFHX4AD
ADDFHXLAD
ADDFX1AD
ADDFX2AD
ADDFX4AD
ADDFXLAD
ADDHX1AD
ADDHX2AD
ADDHX4AD
ADDHXLAD
AFCSHCINX2AD
AFCSHCINX4AD
AFCSHCONX2AD
AFCSHCONX4AD
AFCSIHCONX2AD
AFCSIHCONX4AD
AFHCINX2AD
AFHCINX4AD
AFHCONX2AD
AFHCONX4AD
AHCSHCINX2AD
AHCSHCINX4AD
AHCSHCONX2AD
AHCSHCONX4AD
AHHCINX2AD
AHHCINX4AD
AHHCONX2AD
AHHCONX4AD
AND2X1AD
AND2X2AD
AND2X4AD
AND2X6AD
AND2X8AD
AND2XLAD
AND3X1AD
AND3X2AD
AND3X4AD
AND3X6AD
AND3X8AD
AND3XLAD
AND4X1AD
AND4X2AD
AND4X4AD
AND4X6AD
AND4X8AD
AND4XLAD
AO21X1AD
AO21X2AD
AO21X4AD
AO21XLAD
AO22X1AD
AO22X2AD
AO22X4AD
AO22XLAD
AO2B2BX1AD
AO2B2BX2AD
AO2B2BX4AD
AO2B2BXLAD
AO2B2X1AD
AO2B2X2AD
AO2B2X4AD
AO2B2XLAD
AOI211X1AD
AOI211X2AD
AOI211X4AD
AOI211XLAD
AOI21BX1AD
AOI21BX2AD
AOI21BX4AD
AOI21BXLAD
AOI21X1AD
AOI21X2AD
AOI21X3AD
AOI21X4AD
AOI21X6AD
AOI21X8AD
AOI21XLAD
AOI221X1AD
AOI221X2AD
AOI221X4AD
AOI221XLAD
AOI222X1AD
AOI222X2AD
AOI222X4AD
AOI222XLAD
AOI22X1AD
AOI22X2AD
AOI22X4AD
AOI22XLAD
AOI2B1X1AD
AOI2B1X2AD
AOI2B1X4AD
AOI2B1XLAD
AOI2BB1X1AD
AOI2BB1X2AD
AOI2BB1X4AD
AOI2BB1XLAD
AOI2BB2X1AD
AOI2BB2X2AD
AOI2BB2X4AD
AOI2BB2XLAD
AOI31X1AD
AOI31X2AD
AOI31X4AD
AOI31XLAD
AOI32X1AD
AOI32X2AD
AOI32X4AD
AOI32XLAD
AOI33X1AD
AOI33X2AD
AOI33X4AD
AOI33XLAD
BENCX1AD
BENCX2AD
BENCX4AD
BMXIX2AD
BMXIX4AD
BMXX2AD
BMXX4AD
BUFX10AD
BUFX12AD
BUFX14AD
BUFX16AD
BUFX18AD
BUFX2AD
BUFX20AD
BUFX3AD
BUFX4AD
BUFX5AD
BUFX6AD
BUFX8AD
CLKAND2X12AD
CLKAND2X2AD
CLKAND2X3AD
CLKAND2X4AD
CLKAND2X6AD
CLKAND2X8AD
CLKBUFX1AD
CLKBUFX12AD
CLKBUFX16AD
CLKBUFX2AD
CLKBUFX20AD
CLKBUFX24AD
CLKBUFX3AD
CLKBUFX32AD
CLKBUFX4AD
CLKBUFX40AD
CLKBUFX6AD
CLKBUFX8AD
CLKINVX1AD
CLKINVX12AD
CLKINVX16AD
CLKINVX2AD
CLKINVX20AD
CLKINVX24AD
CLKINVX3AD
CLKINVX32AD
CLKINVX4AD
CLKINVX40AD
CLKINVX6AD
CLKINVX8AD
CLKMX2X12AD
CLKMX2X2AD
CLKMX2X3AD
CLKMX2X4AD
CLKMX2X6AD
CLKMX2X8AD
CLKNAND2X12AD
CLKNAND2X2AD
CLKNAND2X4AD
CLKNAND2X8AD
CLKXOR2X1AD
CLKXOR2X12AD
CLKXOR2X2AD
CLKXOR2X4AD
CLKXOR2X8AD
CMPR42X1AD
CMPR42X2AD
CMPR42X4AD
DFFHQX1AD
DFFHQX2AD
DFFHQX4AD
DFFHQX8AD
DFFHX1AD
DFFHX2AD
DFFHX4AD
DFFHX8AD
DFFNHX1AD
DFFNHX2AD
DFFNHX4AD
DFFNHX8AD
DFFNSRHX1AD
DFFNSRHX2AD
DFFNSRHX4AD
DFFNSRHX8AD
DFFQX1AD
DFFQX2AD
DFFQX4AD
DFFQXLAD
DFFRHQX1AD
DFFRHQX2AD
DFFRHQX4AD
DFFRHQX8AD
DFFRQX1AD
DFFRQX2AD
DFFRQX4AD
DFFRQXLAD
DFFRX1AD
DFFRX2AD
DFFRX4AD
DFFRXLAD
DFFSHQX1AD
DFFSHQX2AD
DFFSHQX4AD
DFFSHQX8AD
DFFSQX1AD
DFFSQX2AD
DFFSQX4AD
DFFSQXLAD
DFFSRHQX1AD
DFFSRHQX2AD
DFFSRHQX4AD
DFFSRHQX8AD
DFFSRX1AD
DFFSRX2AD
DFFSRX4AD
DFFSRXLAD
DFFSX1AD
DFFSX2AD
DFFSX4AD
DFFSXLAD
DFFTRX1AD
DFFTRX2AD
DFFTRX4AD
DFFTRXLAD
DFFX1AD
DFFX2AD
DFFX4AD
DFFXLAD
DFFYQX2AD
DLY1X1AD
DLY1X4AD
DLY2X1AD
DLY2X4AD
DLY3X1AD
DLY3X4AD
DLY4X1AD
DLY4X4AD
EDFFHQX1AD
EDFFHQX2AD
EDFFHQX4AD
EDFFHQX8AD
EDFFTRX1AD
EDFFTRX2AD
EDFFTRX4AD
EDFFTRXLAD
EDFFX1AD
EDFFX2AD
EDFFX4AD
EDFFXLAD
INVX1AD
INVX10AD
INVX12AD
INVX14AD
INVX16AD
INVX18AD
INVX2AD
INVX20AD
INVX3AD
INVX4AD
INVX5AD
INVX6AD
INVX8AD
INVXLAD
MDFFHQX1AD
MDFFHQX2AD
MDFFHQX4AD
MDFFHQX8AD
MX2X1AD
MX2X2AD
MX2X3AD
MX2X4AD
MX2X6AD
MX2X8AD
MX2XLAD
MX3X1AD
MX3X2AD
MX3X4AD
MX3XLAD
MX4X1AD
MX4X2AD
MX4X4AD
MX4XLAD
MXI2DX1AD
MXI2DX2AD
MXI2DX4AD
MXI2DXLAD
MXI2X1AD
MXI2X2AD
MXI2X3AD
MXI2X4AD
MXI2X6AD
MXI2X8AD
MXI2XLAD
MXI3X1AD
MXI3X2AD
MXI3X4AD
MXI3XLAD
MXI4X1AD
MXI4X2AD
MXI4X4AD
MXI4XLAD
NAND2BX1AD
NAND2BX2AD
NAND2BX4AD
NAND2BX8AD
NAND2BXLAD
NAND2X1AD
NAND2X2AD
NAND2X3AD
NAND2X4AD
NAND2X5AD
NAND2X6AD
NAND2X8AD
NAND2XLAD
NAND3BX1AD
NAND3BX2AD
NAND3BX4AD
NAND3BXLAD
NAND3X1AD
NAND3X2AD
NAND3X3AD
NAND3X4AD
NAND3X6AD
NAND3X8AD
NAND3XLAD
NAND4BBX1AD
NAND4BBX2AD
NAND4BBX4AD
NAND4BBXLAD
NAND4BX1AD
NAND4BX2AD
NAND4BX4AD
NAND4BXLAD
NAND4X1AD
NAND4X2AD
NAND4X4AD
NAND4X6AD
NAND4X8AD
NAND4XLAD
NOR2BX1AD
NOR2BX2AD
NOR2BX4AD
NOR2BX8AD
NOR2BXLAD
NOR2X1AD
NOR2X2AD
NOR2X3AD
NOR2X4AD
NOR2X5AD
NOR2X6AD
NOR2X8AD
NOR2XLAD
NOR3BX1AD
NOR3BX2AD
NOR3BX4AD
NOR3BXLAD
NOR3X1AD
NOR3X2AD
NOR3X4AD
NOR3X6AD
NOR3X8AD
NOR3XLAD
NOR4BBX1AD
NOR4BBX2AD
NOR4BBX4AD
NOR4BBXLAD
NOR4BX1AD
NOR4BX2AD
NOR4BX4AD
NOR4BXLAD
NOR4X1AD
NOR4X2AD
NOR4X4AD
NOR4X6AD
NOR4X8AD
NOR4XLAD
OA21X1AD
OA21X2AD
OA21X4AD
OA21XLAD
OA22X1AD
OA22X2AD
OA22X4AD
OA22XLAD
OAI211X1AD
OAI211X2AD
OAI211X4AD
OAI211XLAD
OAI21BX1AD
OAI21BX2AD
OAI21BX4AD
OAI21BXLAD
OAI21X1AD
OAI21X2AD
OAI21X3AD
OAI21X4AD
OAI21X6AD
OAI21X8AD
OAI21XLAD
OAI221X1AD
OAI221X2AD
OAI221X4AD
OAI221XLAD
OAI222X1AD
OAI222X2AD
OAI222X4AD
OAI222XLAD
OAI22X1AD
OAI22X2AD
OAI22X4AD
OAI22XLAD
OAI2B11X1AD
OAI2B11X2AD
OAI2B11X4AD
OAI2B11XLAD
OAI2B1X1AD
OAI2B1X2AD
OAI2B1X4AD
OAI2B1XLAD
OAI2B2X1AD
OAI2B2X2AD
OAI2B2X4AD
OAI2B2XLAD
OAI2BB1X1AD
OAI2BB1X2AD
OAI2BB1X4AD
OAI2BB1XLAD
OAI2BB2X1AD
OAI2BB2X2AD
OAI2BB2X4AD
OAI2BB2XLAD
OAI31X1AD
OAI31X2AD
OAI31X4AD
OAI31XLAD
OAI32X1AD
OAI32X2AD
OAI32X4AD
OAI32XLAD
OAI33X1AD
OAI33X2AD
OAI33X4AD
OAI33XLAD
OR2X1AD
OR2X2AD
OR2X4AD
OR2X6AD
OR2X8AD
OR2XLAD
OR3X1AD
OR3X2AD
OR3X4AD
OR3X6AD
OR3X8AD
OR3XLAD
OR4X1AD
OR4X2AD
OR4X4AD
OR4X6AD
OR4X8AD
OR4XLAD
RF1R1WX1AD
RF2R1WX1AD
SDFFHQX1AD
SDFFHQX2AD
SDFFHQX4AD
SDFFHQX8AD
SDFFHX1AD
SDFFHX2AD
SDFFHX4AD
SDFFHX8AD
SDFFNHX1AD
SDFFNHX2AD
SDFFNHX4AD
SDFFNHX8AD
SDFFNSRHX1AD
SDFFNSRHX2AD
SDFFNSRHX4AD
SDFFNSRHX8AD
SDFFQX1AD
SDFFQX2AD
SDFFQX4AD
SDFFQXLAD
SDFFRHQX1AD
SDFFRHQX2AD
SDFFRHQX4AD
SDFFRHQX8AD
SDFFRQX1AD
SDFFRQX2AD
SDFFRQX4AD
SDFFRQXLAD
SDFFRX1AD
SDFFRX2AD
SDFFRX4AD
SDFFRXLAD
SDFFSHQX1AD
SDFFSHQX2AD
SDFFSHQX4AD
SDFFSHQX8AD
SDFFSQX1AD
SDFFSQX2AD
SDFFSQX4AD
SDFFSQXLAD
SDFFSRHQX1AD
SDFFSRHQX2AD
SDFFSRHQX4AD
SDFFSRHQX8AD
SDFFSRX1AD
SDFFSRX2AD
SDFFSRX4AD
SDFFSRXLAD
SDFFSX1AD
SDFFSX2AD
SDFFSX4AD
SDFFSXLAD
SDFFTRX1AD
SDFFTRX2AD
SDFFTRX4AD
SDFFTRXLAD
SDFFX1AD
SDFFX2AD
SDFFX4AD
SDFFXLAD
SDFFYQX2AD
SEDFFHQX1AD
SEDFFHQX2AD
SEDFFHQX4AD
SEDFFHQX8AD
SEDFFTRX1AD
SEDFFTRX2AD
SEDFFTRX4AD
SEDFFTRXLAD
SEDFFX1AD
SEDFFX2AD
SEDFFX4AD
SEDFFXLAD
SMDFFHQX1AD
SMDFFHQX2AD
SMDFFHQX4AD
SMDFFHQX8AD
TBUFX1AD
TBUFX12AD
TBUFX16AD
TBUFX2AD
TBUFX20AD
TBUFX3AD
TBUFX4AD
TBUFX6AD
TBUFX8AD
TBUFXLAD
TIEHIAD
TIELOAD
TLATNCAX12AD
TLATNCAX16AD
TLATNCAX2AD
TLATNCAX20AD
TLATNCAX3AD
TLATNCAX4AD
TLATNCAX6AD
TLATNCAX8AD
TLATNSRX1AD
TLATNSRX2AD
TLATNSRX4AD
TLATNSRXLAD
TLATNTSCAX12AD
TLATNTSCAX16AD
TLATNTSCAX2AD
TLATNTSCAX20AD
TLATNTSCAX3AD
TLATNTSCAX4AD
TLATNTSCAX6AD
TLATNTSCAX8AD
TLATNX1AD
TLATNX2AD
TLATNX4AD
TLATNXLAD
TLATSRX1AD
TLATSRX2AD
TLATSRX4AD
TLATSRXLAD
TLATX1AD
TLATX2AD
TLATX4AD
TLATXLAD
XNOR2X1AD
XNOR2X2AD
XNOR2X4AD
XNOR2XLAD
XNOR3X1AD
XNOR3X2AD
XNOR3X4AD
XNOR3XLAD
XOR2X1AD
XOR2X2AD
XOR2X3AD
XOR2X4AD
XOR2X8AD
XOR2XLAD
XOR3X1AD
XOR3X2AD
XOR3X4AD
XOR3XLAD
