Component: ARM Compiler 5.05 update 1 (build 106) Tool: armlink [4d0efa]

==============================================================================

Section Cross References

    boot.o(.text) refers (Special) to use_no_semi_2.o(.text) for __use_no_semihosting
    boot.o(.text) refers to __main.o(!!!main) for __main
    boot.o(vectors) refers (Special) to use_no_semi_2.o(.text) for __use_no_semihosting
    boot.o(vectors) refers to boot.o(.text) for Reset_Handler
    hellow.o(.text) refers to _printf_pad.o(.text) for _printf_pre_padding
    hellow.o(.text) refers to _printf_percent.o(.ARM.Collect$$_printf_percent$$00000000) for _printf_percent
    hellow.o(.text) refers to _printf_x.o(.ARM.Collect$$_printf_percent$$0000000C) for _printf_x
    hellow.o(.text) refers to _printf_hex_int.o(.text) for _printf_longlong_hex
    hellow.o(.text) refers to _printf_d.o(.ARM.Collect$$_printf_percent$$00000009) for _printf_d
    hellow.o(.text) refers to _printf_dec.o(.text) for _printf_int_dec
    hellow.o(.text) refers to system_cm0ikmcu.o(.text) for SystemInit
    hellow.o(.text) refers to iktests.o(.text) for IKInit
    hellow.o(.text) refers to noretval__2printf.o(.text) for __2printf
    use_no_semi_2.o(.text) refers (Special) to use_no_semi.o(.text) for __use_no_semihosting_swi
    __2printf.o(.text) refers to _printf_char_file.o(.text) for _printf_char_file
    __2printf.o(.text) refers to retarget_cm0ikmcu.o(.data) for __stdout
    noretval__2printf.o(.text) refers to _printf_char_file.o(.text) for _printf_char_file
    noretval__2printf.o(.text) refers to retarget_cm0ikmcu.o(.data) for __stdout
    __printf.o(.text) refers to _printf_percent.o(.ARM.Collect$$_printf_percent$$00000000) for _printf_percent
    _printf_dec.o(.text) refers to rtudiv10.o(.text) for __rt_udiv10
    _printf_dec.o(.text) refers to _printf_intcommon.o(.text) for _printf_int_common
    _printf_hex_ll.o(.text) refers to _printf_intcommon.o(.text) for _printf_int_common
    _printf_hex_ll.o(.text) refers to _printf_hex_ll.o(.constdata) for .constdata
    _printf_hex_int.o(.text) refers to _printf_intcommon.o(.text) for _printf_int_common
    _printf_hex_int.o(.text) refers to _printf_hex_int.o(.constdata) for .constdata
    _printf_hex_int_ll.o(.text) refers to _printf_intcommon.o(.text) for _printf_int_common
    _printf_hex_int_ll.o(.text) refers to _printf_hex_int_ll.o(.constdata) for .constdata
    _printf_hex_ptr.o(.text) refers to _printf_intcommon.o(.text) for _printf_int_common
    _printf_hex_ptr.o(.text) refers to _printf_hex_ptr.o(.constdata) for .constdata
    _printf_hex_int_ptr.o(.text) refers to _printf_intcommon.o(.text) for _printf_int_common
    _printf_hex_int_ptr.o(.text) refers to _printf_hex_int_ptr.o(.constdata) for .constdata
    _printf_hex_ll_ptr.o(.text) refers to _printf_intcommon.o(.text) for _printf_int_common
    _printf_hex_ll_ptr.o(.text) refers to _printf_hex_ll_ptr.o(.constdata) for .constdata
    _printf_hex_int_ll_ptr.o(.text) refers to _printf_intcommon.o(.text) for _printf_int_common
    _printf_hex_int_ll_ptr.o(.text) refers to _printf_hex_int_ll_ptr.o(.constdata) for .constdata
    __printf_flags.o(.text) refers to _printf_percent.o(.ARM.Collect$$_printf_percent$$00000000) for _printf_percent
    __printf_flags.o(.text) refers to __printf_flags.o(.constdata) for .constdata
    __printf_ss.o(.text) refers to _printf_percent.o(.ARM.Collect$$_printf_percent$$00000000) for _printf_percent
    __printf_flags_ss.o(.text) refers to _printf_percent.o(.ARM.Collect$$_printf_percent$$00000000) for _printf_percent
    __printf_flags_ss.o(.text) refers to __printf_flags_ss.o(.constdata) for .constdata
    __printf_wp.o(.text) refers to __printf_wp.o(i._is_digit) for _is_digit
    __printf_wp.o(.text) refers to _printf_percent.o(.ARM.Collect$$_printf_percent$$00000000) for _printf_percent
    __printf_flags_wp.o(.text) refers to __printf_wp.o(i._is_digit) for _is_digit
    __printf_flags_wp.o(.text) refers to _printf_percent.o(.ARM.Collect$$_printf_percent$$00000000) for _printf_percent
    __printf_flags_wp.o(.text) refers to __printf_flags_wp.o(.constdata) for .constdata
    __printf_ss_wp.o(.text) refers to __printf_wp.o(i._is_digit) for _is_digit
    __printf_ss_wp.o(.text) refers to _printf_percent.o(.ARM.Collect$$_printf_percent$$00000000) for _printf_percent
    __printf_flags_ss_wp.o(.text) refers to __printf_wp.o(i._is_digit) for _is_digit
    __printf_flags_ss_wp.o(.text) refers to _printf_percent.o(.ARM.Collect$$_printf_percent$$00000000) for _printf_percent
    __printf_flags_ss_wp.o(.text) refers to __printf_flags_ss_wp.o(.constdata) for .constdata
    _printf_x.o(.ARM.Collect$$_printf_percent$$0000000C) refers (Weak) to _printf_hex_int.o(.text) for _printf_int_hex
    _printf_d.o(.ARM.Collect$$_printf_percent$$00000009) refers (Weak) to _printf_dec.o(.text) for _printf_int_dec
    _printf_percent.o(.ARM.Collect$$_printf_percent$$00000000) refers (Special) to _printf_percent_end.o(.ARM.Collect$$_printf_percent$$00000017) for _printf_percent_end
    __main.o(!!!main) refers to __rtentry.o(.ARM.Collect$$rtentry$$00000000) for __rt_entry
    __rtentry.o(.ARM.Collect$$rtentry$$00000000) refers (Special) to __rtentry2.o(.ARM.Collect$$rtentry$$0000000A) for __rt_entry_li
    __rtentry.o(.ARM.Collect$$rtentry$$00000000) refers (Special) to __rtentry2.o(.ARM.Collect$$rtentry$$0000000D) for __rt_entry_main
    __rtentry.o(.ARM.Collect$$rtentry$$00000000) refers (Special) to __rtentry2.o(.ARM.Collect$$rtentry$$0000000C) for __rt_entry_postli_1
    __rtentry.o(.ARM.Collect$$rtentry$$00000000) refers (Special) to __rtentry2.o(.ARM.Collect$$rtentry$$00000009) for __rt_entry_postsh_1
    __rtentry.o(.ARM.Collect$$rtentry$$00000000) refers (Special) to __rtentry2.o(.ARM.Collect$$rtentry$$00000002) for __rt_entry_presh_1
    __rtentry.o(.ARM.Collect$$rtentry$$00000000) refers (Special) to __rtentry4.o(.ARM.Collect$$rtentry$$00000004) for __rt_entry_sh
    _printf_intcommon.o(.text) refers (Weak) to _printf_pad.o(.text) for _printf_pre_padding
    _printf_intcommon.o(.text) refers (Weak) to _printf_pad.o(.text) for _printf_pre_padding
    _printf_intcommon.o(.text) refers (Weak) to _printf_pad.o(.text) for _printf_post_padding
    _printf_char_file.o(.text) refers to _printf_char_common.o(.text) for _printf_char_common
    _printf_char_file.o(.text) refers to retarget_cm0ikmcu.o(.text) for ferror
    __rtentry2.o(.ARM.Collect$$rtentry$$00000008) refers to boardinit2.o(.text) for _platform_post_stackheap_init
    __rtentry2.o(.ARM.Collect$$rtentry$$0000000A) refers to libinit.o(.ARM.Collect$$libinit$$00000000) for __rt_lib_init
    __rtentry2.o(.ARM.Collect$$rtentry$$0000000B) refers to boardinit3.o(.text) for _platform_post_lib_init
    __rtentry2.o(.ARM.Collect$$rtentry$$0000000D) refers to hellow.o(.text) for main
    __rtentry2.o(.ARM.Collect$$rtentry$$0000000D) refers to exit.o(.text) for exit
    __rtentry2.o(.ARM.exidx) refers to __rtentry2.o(.ARM.Collect$$rtentry$$00000001) for .ARM.Collect$$rtentry$$00000001
    __rtentry2.o(.ARM.exidx) refers to __rtentry2.o(.ARM.Collect$$rtentry$$00000008) for .ARM.Collect$$rtentry$$00000008
    __rtentry2.o(.ARM.exidx) refers to __rtentry2.o(.ARM.Collect$$rtentry$$0000000A) for .ARM.Collect$$rtentry$$0000000A
    __rtentry2.o(.ARM.exidx) refers to __rtentry2.o(.ARM.Collect$$rtentry$$0000000B) for .ARM.Collect$$rtentry$$0000000B
    __rtentry2.o(.ARM.exidx) refers to __rtentry2.o(.ARM.Collect$$rtentry$$0000000D) for .ARM.Collect$$rtentry$$0000000D
    __rtentry4.o(.ARM.Collect$$rtentry$$00000004) refers to sys_stackheap_outer.o(.text) for __user_setup_stackheap
    __rtentry4.o(.ARM.exidx) refers to __rtentry4.o(.ARM.Collect$$rtentry$$00000004) for .ARM.Collect$$rtentry$$00000004
    _printf_char_common.o(.text) refers to __printf_flags_wp.o(.text) for __printf
    sys_stackheap_outer.o(.text) refers to libspace.o(.text) for __user_perproc_libspace
    sys_stackheap_outer.o(.text) refers to boot.o(.text) for __user_initial_stackheap
    sys_stackheap_outer.o(__vectab_stack_and_reset_area) refers to tempstk.o(.text) for __temporary_stack_top
    sys_stackheap_outer.o(__vectab_stack_and_reset_area) refers to __main.o(!!!main) for __main
    exit.o(.text) refers to rtexit.o(.ARM.Collect$$rtexit$$00000000) for __rt_exit
    libinit.o(.ARM.Collect$$libinit$$00000000) refers (Special) to libinit2.o(.ARM.Collect$$libinit$$0000002E) for __rt_lib_init_alloca_1
    libinit.o(.ARM.Collect$$libinit$$00000000) refers (Special) to libinit2.o(.ARM.Collect$$libinit$$0000002C) for __rt_lib_init_argv_1
    libinit.o(.ARM.Collect$$libinit$$00000000) refers (Special) to libinit2.o(.ARM.Collect$$libinit$$0000001B) for __rt_lib_init_atexit_1
    libinit.o(.ARM.Collect$$libinit$$00000000) refers (Special) to libinit2.o(.ARM.Collect$$libinit$$00000021) for __rt_lib_init_clock_1
    libinit.o(.ARM.Collect$$libinit$$00000000) refers (Special) to libinit2.o(.ARM.Collect$$libinit$$00000032) for __rt_lib_init_cpp_1
    libinit.o(.ARM.Collect$$libinit$$00000000) refers (Special) to libinit2.o(.ARM.Collect$$libinit$$00000030) for __rt_lib_init_exceptions_1
    libinit.o(.ARM.Collect$$libinit$$00000000) refers (Special) to libinit2.o(.ARM.Collect$$libinit$$00000002) for __rt_lib_init_fp_1
    libinit.o(.ARM.Collect$$libinit$$00000000) refers (Special) to libinit2.o(.ARM.Collect$$libinit$$0000001F) for __rt_lib_init_fp_trap_1
    libinit.o(.ARM.Collect$$libinit$$00000000) refers (Special) to libinit2.o(.ARM.Collect$$libinit$$00000023) for __rt_lib_init_getenv_1
    libinit.o(.ARM.Collect$$libinit$$00000000) refers (Special) to libinit2.o(.ARM.Collect$$libinit$$0000000A) for __rt_lib_init_heap_1
    libinit.o(.ARM.Collect$$libinit$$00000000) refers (Special) to libinit2.o(.ARM.Collect$$libinit$$00000011) for __rt_lib_init_lc_collate_1
    libinit.o(.ARM.Collect$$libinit$$00000000) refers (Special) to libinit2.o(.ARM.Collect$$libinit$$00000013) for __rt_lib_init_lc_ctype_1
    libinit.o(.ARM.Collect$$libinit$$00000000) refers (Special) to libinit2.o(.ARM.Collect$$libinit$$00000015) for __rt_lib_init_lc_monetary_1
    libinit.o(.ARM.Collect$$libinit$$00000000) refers (Special) to libinit2.o(.ARM.Collect$$libinit$$00000017) for __rt_lib_init_lc_numeric_1
    libinit.o(.ARM.Collect$$libinit$$00000000) refers (Special) to libinit2.o(.ARM.Collect$$libinit$$00000019) for __rt_lib_init_lc_time_1
    libinit.o(.ARM.Collect$$libinit$$00000000) refers (Special) to libinit2.o(.ARM.Collect$$libinit$$00000004) for __rt_lib_init_preinit_1
    libinit.o(.ARM.Collect$$libinit$$00000000) refers (Special) to libinit2.o(.ARM.Collect$$libinit$$0000000E) for __rt_lib_init_rand_1
    libinit.o(.ARM.Collect$$libinit$$00000000) refers (Special) to libinit2.o(.ARM.Collect$$libinit$$00000033) for __rt_lib_init_return
    libinit.o(.ARM.Collect$$libinit$$00000000) refers (Special) to libinit2.o(.ARM.Collect$$libinit$$0000001D) for __rt_lib_init_signal_1
    libinit.o(.ARM.Collect$$libinit$$00000000) refers (Special) to libinit2.o(.ARM.Collect$$libinit$$00000025) for __rt_lib_init_stdio_1
    libinit.o(.ARM.Collect$$libinit$$00000000) refers (Special) to libinit2.o(.ARM.Collect$$libinit$$0000000C) for __rt_lib_init_user_alloc_1
    libspace.o(.text) refers to libspace.o(.bss) for __libspace_start
    rtexit.o(.ARM.Collect$$rtexit$$00000000) refers (Special) to rtexit2.o(.ARM.Collect$$rtexit$$00000004) for __rt_exit_exit
    rtexit.o(.ARM.Collect$$rtexit$$00000000) refers (Special) to rtexit2.o(.ARM.Collect$$rtexit$$00000003) for __rt_exit_ls
    rtexit.o(.ARM.Collect$$rtexit$$00000000) refers (Special) to rtexit2.o(.ARM.Collect$$rtexit$$00000002) for __rt_exit_prels_1
    rtexit.o(.ARM.exidx) refers (Special) to rtexit2.o(.ARM.Collect$$rtexit$$00000004) for __rt_exit_exit
    rtexit.o(.ARM.exidx) refers (Special) to rtexit2.o(.ARM.Collect$$rtexit$$00000003) for __rt_exit_ls
    rtexit.o(.ARM.exidx) refers (Special) to rtexit2.o(.ARM.Collect$$rtexit$$00000002) for __rt_exit_prels_1
    rtexit.o(.ARM.exidx) refers to rtexit.o(.ARM.Collect$$rtexit$$00000000) for .ARM.Collect$$rtexit$$00000000
    libinit2.o(.ARM.Collect$$libinit$$00000010) refers to libinit2.o(.ARM.Collect$$libinit$$0000000F) for .ARM.Collect$$libinit$$0000000F
    libinit2.o(.ARM.Collect$$libinit$$00000012) refers to libinit2.o(.ARM.Collect$$libinit$$0000000F) for .ARM.Collect$$libinit$$0000000F
    libinit2.o(.ARM.Collect$$libinit$$00000014) refers to libinit2.o(.ARM.Collect$$libinit$$0000000F) for .ARM.Collect$$libinit$$0000000F
    libinit2.o(.ARM.Collect$$libinit$$00000016) refers to libinit2.o(.ARM.Collect$$libinit$$0000000F) for .ARM.Collect$$libinit$$0000000F
    libinit2.o(.ARM.Collect$$libinit$$00000018) refers to libinit2.o(.ARM.Collect$$libinit$$0000000F) for .ARM.Collect$$libinit$$0000000F
    libinit2.o(.ARM.Collect$$libinit$$00000026) refers to argv_veneer.o(.text) for __ARM_argv_veneer
    libinit2.o(.ARM.Collect$$libinit$$00000027) refers to argv_veneer.o(.text) for __ARM_argv_veneer
    rtexit2.o(.ARM.Collect$$rtexit$$00000003) refers to libshutdown.o(.ARM.Collect$$libshutdown$$00000000) for __rt_lib_shutdown
    rtexit2.o(.ARM.Collect$$rtexit$$00000004) refers to boot.o(.text) for _sys_exit
    rtexit2.o(.ARM.exidx) refers to rtexit2.o(.ARM.Collect$$rtexit$$00000001) for .ARM.Collect$$rtexit$$00000001
    rtexit2.o(.ARM.exidx) refers to rtexit2.o(.ARM.Collect$$rtexit$$00000003) for .ARM.Collect$$rtexit$$00000003
    rtexit2.o(.ARM.exidx) refers to rtexit2.o(.ARM.Collect$$rtexit$$00000004) for .ARM.Collect$$rtexit$$00000004
    _get_argv_nomalloc.o(.text) refers (Special) to hrguard.o(.text) for __heap_region$guard
    _get_argv_nomalloc.o(.text) refers to defsig_rtmem_outer.o(.text) for __rt_SIGRTMEM
    _get_argv_nomalloc.o(.text) refers to sys_command.o(.text) for _sys_command_string
    libshutdown.o(.ARM.Collect$$libshutdown$$00000000) refers (Special) to libshutdown2.o(.ARM.Collect$$libshutdown$$00000006) for __rt_lib_shutdown_fp_trap_1
    libshutdown.o(.ARM.Collect$$libshutdown$$00000000) refers (Special) to libshutdown2.o(.ARM.Collect$$libshutdown$$0000000E) for __rt_lib_shutdown_heap_1
    libshutdown.o(.ARM.Collect$$libshutdown$$00000000) refers (Special) to libshutdown2.o(.ARM.Collect$$libshutdown$$0000000F) for __rt_lib_shutdown_return
    libshutdown.o(.ARM.Collect$$libshutdown$$00000000) refers (Special) to libshutdown2.o(.ARM.Collect$$libshutdown$$00000009) for __rt_lib_shutdown_signal_1
    libshutdown.o(.ARM.Collect$$libshutdown$$00000000) refers (Special) to libshutdown2.o(.ARM.Collect$$libshutdown$$00000003) for __rt_lib_shutdown_stdio_1
    libshutdown.o(.ARM.Collect$$libshutdown$$00000000) refers (Special) to libshutdown2.o(.ARM.Collect$$libshutdown$$0000000B) for __rt_lib_shutdown_user_alloc_1
    sys_command.o(.text) refers (Special) to use_no_semi.o(.text) for __I$use$semihosting
    sys_command.o(.text) refers (Special) to indicate_semi.o(.text) for __semihosting_library_function
    defsig_rtmem_outer.o(.text) refers to defsig_rtmem_inner.o(.text) for __rt_SIGRTMEM_inner
    defsig_rtmem_outer.o(.text) refers to defsig_exit.o(.text) for __sig_exit
    defsig_rtmem_formal.o(.text) refers to rt_raise.o(.text) for __rt_raise
    rt_raise.o(.text) refers to __raise.o(.text) for __raise
    rt_raise.o(.text) refers to boot.o(.text) for _sys_exit
    defsig_exit.o(.text) refers to boot.o(.text) for _sys_exit
    defsig_rtmem_inner.o(.text) refers to defsig_general.o(.text) for __default_signal_display
    __raise.o(.text) refers to defsig.o(CL$$defsig) for __default_signal_handler
    defsig_general.o(.text) refers to retarget_cm0ikmcu.o(.text) for _ttywrch
    defsig.o(CL$$defsig) refers to defsig_rtmem_inner.o(.text) for __rt_SIGRTMEM_inner
    defsig_abrt_inner.o(.text) refers to defsig_general.o(.text) for __default_signal_display
    defsig_fpe_inner.o(.text) refers to defsig_general.o(.text) for __default_signal_display
    defsig_rtred_inner.o(.text) refers to defsig_general.o(.text) for __default_signal_display
    defsig_stak_inner.o(.text) refers to defsig_general.o(.text) for __default_signal_display
    defsig_pvfn_inner.o(.text) refers to defsig_general.o(.text) for __default_signal_display
    defsig_cppl_inner.o(.text) refers to defsig_general.o(.text) for __default_signal_display
    defsig_segv_inner.o(.text) refers to defsig_general.o(.text) for __default_signal_display
    defsig_other.o(.text) refers to defsig_general.o(.text) for __default_signal_display


==============================================================================

Removing Unused input sections from the image.

    Removing core_cm0.o(.emb_text), (32 bytes).
    Removing system_cm0ikmcu.o(.data), (4 bytes).

2 unused section(s) (total 36 bytes) removed from the image.

==============================================================================

Image Symbol Table

    Local Symbols

    Symbol Name                              Value     Ov Type        Size  Object(Section)

    vectors                                  0x00000000   Section      192  boot.o(vectors)
    ../clib/angel/boardlib.s                 0x00000000   Number         0  boardinit2.o ABSOLUTE
    ../clib/angel/boardlib.s                 0x00000000   Number         0  boardinit3.o ABSOLUTE
    ../clib/angel/boardlib.s                 0x00000000   Number         0  boardshut.o ABSOLUTE
    ../clib/angel/boardlib.s                 0x00000000   Number         0  boardinit1.o ABSOLUTE
    ../clib/angel/handlers.s                 0x00000000   Number         0  __scatter_zi.o ABSOLUTE
    ../clib/angel/handlers.s                 0x00000000   Number         0  __scatter_copy.o ABSOLUTE
    ../clib/angel/kernel.s                   0x00000000   Number         0  __rtentry4.o ABSOLUTE
    ../clib/angel/kernel.s                   0x00000000   Number         0  __rtentry2.o ABSOLUTE
    ../clib/angel/kernel.s                   0x00000000   Number         0  rtexit.o ABSOLUTE
    ../clib/angel/kernel.s                   0x00000000   Number         0  rtexit2.o ABSOLUTE
    ../clib/angel/kernel.s                   0x00000000   Number         0  __rtentry.o ABSOLUTE
    ../clib/angel/rt.s                       0x00000000   Number         0  rt_raise.o ABSOLUTE
    ../clib/angel/scatterp.s                 0x00000000   Number         0  __scatter.o ABSOLUTE
    ../clib/angel/startup.s                  0x00000000   Number         0  __main.o ABSOLUTE
    ../clib/angel/sys.s                      0x00000000   Number         0  libspace.o ABSOLUTE
    ../clib/angel/sys.s                      0x00000000   Number         0  tempstk.o ABSOLUTE
    ../clib/angel/sys.s                      0x00000000   Number         0  indicate_semi.o ABSOLUTE
    ../clib/angel/sys.s                      0x00000000   Number         0  use_no_semi_2.o ABSOLUTE
    ../clib/angel/sys.s                      0x00000000   Number         0  use_no_semi.o ABSOLUTE
    ../clib/angel/sys.s                      0x00000000   Number         0  sys_stackheap_outer.o ABSOLUTE
    ../clib/angel/sysapp.c                   0x00000000   Number         0  sys_command.o ABSOLUTE
    ../clib/armsys.c                         0x00000000   Number         0  argv_veneer.o ABSOLUTE
    ../clib/armsys.c                         0x00000000   Number         0  _get_argv_nomalloc.o ABSOLUTE
    ../clib/armsys.c                         0x00000000   Number         0  no_argv.o ABSOLUTE
    ../clib/division.c                       0x00000000   Number         0  rtudiv10.o ABSOLUTE
    ../clib/heapalloc.c                      0x00000000   Number         0  hrguard.o ABSOLUTE
    ../clib/libinit.s                        0x00000000   Number         0  libshutdown.o ABSOLUTE
    ../clib/libinit.s                        0x00000000   Number         0  libinit2.o ABSOLUTE
    ../clib/libinit.s                        0x00000000   Number         0  libinit.o ABSOLUTE
    ../clib/libinit.s                        0x00000000   Number         0  libshutdown2.o ABSOLUTE
    ../clib/misc.s                           0x00000000   Number         0  printf_stubs.o ABSOLUTE
    ../clib/printf.c                         0x00000000   Number         0  __printf.o ABSOLUTE
    ../clib/printf.c                         0x00000000   Number         0  _printf_hex_int_ptr.o ABSOLUTE
    ../clib/printf.c                         0x00000000   Number         0  _printf_hex_int_ll_ptr.o ABSOLUTE
    ../clib/printf.c                         0x00000000   Number         0  __printf_flags_ss.o ABSOLUTE
    ../clib/printf.c                         0x00000000   Number         0  __printf_ss.o ABSOLUTE
    ../clib/printf.c                         0x00000000   Number         0  _printf_intcommon.o ABSOLUTE
    ../clib/printf.c                         0x00000000   Number         0  __printf_flags.o ABSOLUTE
    ../clib/printf.c                         0x00000000   Number         0  __2printf.o ABSOLUTE
    ../clib/printf.c                         0x00000000   Number         0  _printf_char_file.o ABSOLUTE
    ../clib/printf.c                         0x00000000   Number         0  _printf_hex_ll_ptr.o ABSOLUTE
    ../clib/printf.c                         0x00000000   Number         0  _printf_hex_ptr.o ABSOLUTE
    ../clib/printf.c                         0x00000000   Number         0  _printf_hex_int_ll.o ABSOLUTE
    ../clib/printf.c                         0x00000000   Number         0  _printf_dec.o ABSOLUTE
    ../clib/printf.c                         0x00000000   Number         0  _printf_hex_int.o ABSOLUTE
    ../clib/printf.c                         0x00000000   Number         0  _printf_hex_ll.o ABSOLUTE
    ../clib/printf.c                         0x00000000   Number         0  noretval__2printf.o ABSOLUTE
    ../clib/printf.c                         0x00000000   Number         0  __printf_nopercent.o ABSOLUTE
    ../clib/printf.c                         0x00000000   Number         0  _printf_char_common.o ABSOLUTE
    ../clib/printf.c                         0x00000000   Number         0  __printf_ss_wp.o ABSOLUTE
    ../clib/printf.c                         0x00000000   Number         0  __printf_flags_ss_wp.o ABSOLUTE
    ../clib/printf.c                         0x00000000   Number         0  _printf_pad.o ABSOLUTE
    ../clib/printf.c                         0x00000000   Number         0  __printf_wp.o ABSOLUTE
    ../clib/printf.c                         0x00000000   Number         0  __printf_flags_wp.o ABSOLUTE
    ../clib/printf_percent.s                 0x00000000   Number         0  _printf_x.o ABSOLUTE
    ../clib/printf_percent.s                 0x00000000   Number         0  _printf_percent.o ABSOLUTE
    ../clib/printf_percent.s                 0x00000000   Number         0  _printf_d.o ABSOLUTE
    ../clib/printf_percent.s                 0x00000000   Number         0  _printf_percent_end.o ABSOLUTE
    ../clib/signal.c                         0x00000000   Number         0  defsig_cppl_inner.o ABSOLUTE
    ../clib/signal.c                         0x00000000   Number         0  defsig_pvfn_inner.o ABSOLUTE
    ../clib/signal.c                         0x00000000   Number         0  defsig_rtred_inner.o ABSOLUTE
    ../clib/signal.c                         0x00000000   Number         0  defsig_fpe_inner.o ABSOLUTE
    ../clib/signal.c                         0x00000000   Number         0  defsig_abrt_inner.o ABSOLUTE
    ../clib/signal.c                         0x00000000   Number         0  defsig_stak_inner.o ABSOLUTE
    ../clib/signal.c                         0x00000000   Number         0  defsig_general.o ABSOLUTE
    ../clib/signal.c                         0x00000000   Number         0  defsig_rtmem_inner.o ABSOLUTE
    ../clib/signal.c                         0x00000000   Number         0  defsig_rtmem_formal.o ABSOLUTE
    ../clib/signal.c                         0x00000000   Number         0  defsig_segv_inner.o ABSOLUTE
    ../clib/signal.c                         0x00000000   Number         0  defsig_other.o ABSOLUTE
    ../clib/signal.c                         0x00000000   Number         0  __raise.o ABSOLUTE
    ../clib/signal.c                         0x00000000   Number         0  defsig_rtmem_outer.o ABSOLUTE
    ../clib/signal.c                         0x00000000   Number         0  defsig_exit.o ABSOLUTE
    ../clib/signal.s                         0x00000000   Number         0  defsig.o ABSOLUTE
    ../clib/stdlib.c                         0x00000000   Number         0  exit.o ABSOLUTE
    ../fplib/cfplib/fpinit.c                 0x00000000   Number         0  fpinit.o ABSOLUTE
    ..\\tests\\CMSIS\\Core\\CM0\\core_cm0.c  0x00000000   Number         0  core_cm0.o ABSOLUTE
    ..\tests\CMSIS\Core\CM0\core_cm0.c       0x00000000   Number         0  core_cm0.o ABSOLUTE
    ..\tests\IKtests.c                       0x00000000   Number         0  iktests.o ABSOLUTE
    ..\tests\boot.c                          0x00000000   Number         0  boot.o ABSOLUTE
    ..\tests\hellow.c                        0x00000000   Number         0  hellow.o ABSOLUTE
    ..\tests\retarget_cm0ikmcu.c             0x00000000   Number         0  retarget_cm0ikmcu.o ABSOLUTE
    ..\tests\system_cm0ikmcu.c               0x00000000   Number         0  system_cm0ikmcu.o ABSOLUTE
    dc.s                                     0x00000000   Number         0  dc.o ABSOLUTE
    !!!main                                  0x000000c0   Section        8  __main.o(!!!main)
    !!!scatter                               0x000000c8   Section       60  __scatter.o(!!!scatter)
    !!handler_copy                           0x00000104   Section       26  __scatter_copy.o(!!handler_copy)
    !!handler_zi                             0x00000120   Section       28  __scatter_zi.o(!!handler_zi)
    .ARM.Collect$$_printf_percent$$00000000  0x0000013c   Section        2  _printf_percent.o(.ARM.Collect$$_printf_percent$$00000000)
    .ARM.Collect$$_printf_percent$$00000009  0x0000013e   Section       10  _printf_d.o(.ARM.Collect$$_printf_percent$$00000009)
    .ARM.Collect$$_printf_percent$$0000000C  0x00000148   Section       10  _printf_x.o(.ARM.Collect$$_printf_percent$$0000000C)
    .ARM.Collect$$_printf_percent$$00000017  0x00000152   Section        4  _printf_percent_end.o(.ARM.Collect$$_printf_percent$$00000017)
    .ARM.Collect$$libinit$$00000000          0x00000156   Section        2  libinit.o(.ARM.Collect$$libinit$$00000000)
    .ARM.Collect$$libinit$$00000002          0x00000158   Section        0  libinit2.o(.ARM.Collect$$libinit$$00000002)
    .ARM.Collect$$libinit$$00000004          0x00000158   Section        0  libinit2.o(.ARM.Collect$$libinit$$00000004)
    .ARM.Collect$$libinit$$0000000A          0x00000158   Section        0  libinit2.o(.ARM.Collect$$libinit$$0000000A)
    .ARM.Collect$$libinit$$0000000C          0x00000158   Section        0  libinit2.o(.ARM.Collect$$libinit$$0000000C)
    .ARM.Collect$$libinit$$0000000E          0x00000158   Section        0  libinit2.o(.ARM.Collect$$libinit$$0000000E)
    .ARM.Collect$$libinit$$00000011          0x00000158   Section        0  libinit2.o(.ARM.Collect$$libinit$$00000011)
    .ARM.Collect$$libinit$$00000013          0x00000158   Section        0  libinit2.o(.ARM.Collect$$libinit$$00000013)
    .ARM.Collect$$libinit$$00000015          0x00000158   Section        0  libinit2.o(.ARM.Collect$$libinit$$00000015)
    .ARM.Collect$$libinit$$00000017          0x00000158   Section        0  libinit2.o(.ARM.Collect$$libinit$$00000017)
    .ARM.Collect$$libinit$$00000019          0x00000158   Section        0  libinit2.o(.ARM.Collect$$libinit$$00000019)
    .ARM.Collect$$libinit$$0000001B          0x00000158   Section        0  libinit2.o(.ARM.Collect$$libinit$$0000001B)
    .ARM.Collect$$libinit$$0000001D          0x00000158   Section        0  libinit2.o(.ARM.Collect$$libinit$$0000001D)
    .ARM.Collect$$libinit$$0000001F          0x00000158   Section        0  libinit2.o(.ARM.Collect$$libinit$$0000001F)
    .ARM.Collect$$libinit$$00000021          0x00000158   Section        0  libinit2.o(.ARM.Collect$$libinit$$00000021)
    .ARM.Collect$$libinit$$00000023          0x00000158   Section        0  libinit2.o(.ARM.Collect$$libinit$$00000023)
    .ARM.Collect$$libinit$$00000025          0x00000158   Section        0  libinit2.o(.ARM.Collect$$libinit$$00000025)
    .ARM.Collect$$libinit$$0000002C          0x00000158   Section        0  libinit2.o(.ARM.Collect$$libinit$$0000002C)
    .ARM.Collect$$libinit$$0000002E          0x00000158   Section        0  libinit2.o(.ARM.Collect$$libinit$$0000002E)
    .ARM.Collect$$libinit$$00000030          0x00000158   Section        0  libinit2.o(.ARM.Collect$$libinit$$00000030)
    .ARM.Collect$$libinit$$00000032          0x00000158   Section        0  libinit2.o(.ARM.Collect$$libinit$$00000032)
    .ARM.Collect$$libinit$$00000033          0x00000158   Section        2  libinit2.o(.ARM.Collect$$libinit$$00000033)
    .ARM.Collect$$libshutdown$$00000000      0x0000015a   Section        2  libshutdown.o(.ARM.Collect$$libshutdown$$00000000)
    .ARM.Collect$$libshutdown$$00000003      0x0000015c   Section        0  libshutdown2.o(.ARM.Collect$$libshutdown$$00000003)
    .ARM.Collect$$libshutdown$$00000006      0x0000015c   Section        0  libshutdown2.o(.ARM.Collect$$libshutdown$$00000006)
    .ARM.Collect$$libshutdown$$00000009      0x0000015c   Section        0  libshutdown2.o(.ARM.Collect$$libshutdown$$00000009)
    .ARM.Collect$$libshutdown$$0000000B      0x0000015c   Section        0  libshutdown2.o(.ARM.Collect$$libshutdown$$0000000B)
    .ARM.Collect$$libshutdown$$0000000E      0x0000015c   Section        0  libshutdown2.o(.ARM.Collect$$libshutdown$$0000000E)
    .ARM.Collect$$libshutdown$$0000000F      0x0000015c   Section        2  libshutdown2.o(.ARM.Collect$$libshutdown$$0000000F)
    .ARM.Collect$$rtentry$$00000000          0x0000015e   Section        0  __rtentry.o(.ARM.Collect$$rtentry$$00000000)
    .ARM.Collect$$rtentry$$00000002          0x0000015e   Section        0  __rtentry2.o(.ARM.Collect$$rtentry$$00000002)
    .ARM.Collect$$rtentry$$00000004          0x0000015e   Section        6  __rtentry4.o(.ARM.Collect$$rtentry$$00000004)
    .ARM.Collect$$rtentry$$00000009          0x00000164   Section        0  __rtentry2.o(.ARM.Collect$$rtentry$$00000009)
    .ARM.Collect$$rtentry$$0000000A          0x00000164   Section        4  __rtentry2.o(.ARM.Collect$$rtentry$$0000000A)
    .ARM.Collect$$rtentry$$0000000C          0x00000168   Section        0  __rtentry2.o(.ARM.Collect$$rtentry$$0000000C)
    .ARM.Collect$$rtentry$$0000000D          0x00000168   Section        8  __rtentry2.o(.ARM.Collect$$rtentry$$0000000D)
    .ARM.Collect$$rtexit$$00000000           0x00000170   Section        2  rtexit.o(.ARM.Collect$$rtexit$$00000000)
    .ARM.Collect$$rtexit$$00000002           0x00000172   Section        0  rtexit2.o(.ARM.Collect$$rtexit$$00000002)
    .ARM.Collect$$rtexit$$00000003           0x00000172   Section        4  rtexit2.o(.ARM.Collect$$rtexit$$00000003)
    .ARM.Collect$$rtexit$$00000004           0x00000176   Section        6  rtexit2.o(.ARM.Collect$$rtexit$$00000004)
    .text                                    0x0000017c   Section        0  boot.o(.text)
    .text                                    0x000001dc   Section        0  system_cm0ikmcu.o(.text)
    .text                                    0x000001e0   Section        0  retarget_cm0ikmcu.o(.text)
    .text                                    0x00000218   Section        0  iktests.o(.text)
    .text                                    0x000002cc   Section        0  hellow.o(.text)
    .text                                    0x00000374   Section        2  use_no_semi_2.o(.text)
    .text                                    0x00000378   Section        0  noretval__2printf.o(.text)
    .text                                    0x00000394   Section        0  _printf_pad.o(.text)
    .text                                    0x000003e4   Section        0  _printf_dec.o(.text)
    .text                                    0x00000450   Section        0  _printf_hex_int.o(.text)
    .text                                    0x000004a8   Section        0  __printf_flags_wp.o(.text)
    .text                                    0x000005e0   Section        2  use_no_semi.o(.text)
    .text                                    0x000005e2   Section        0  _printf_intcommon.o(.text)
    .text                                    0x00000694   Section        0  _printf_char_file.o(.text)
    .text                                    0x000006bc   Section        0  rtudiv10.o(.text)
    .text                                    0x000006e4   Section        0  _printf_char_common.o(.text)
    _printf_input_char                       0x000006e5   Thumb Code    10  _printf_char_common.o(.text)
    .text                                    0x00000714   Section       62  sys_stackheap_outer.o(.text)
    .text                                    0x00000752   Section        0  exit.o(.text)
    .text                                    0x00000760   Section        8  libspace.o(.text)
    i._is_digit                              0x00000768   Section        0  __printf_wp.o(i._is_digit)
    .constdata                               0x00000776   Section       40  _printf_hex_int.o(.constdata)
    uc_hextab                                0x00000776   Data          20  _printf_hex_int.o(.constdata)
    lc_hextab                                0x0000078a   Data          20  _printf_hex_int.o(.constdata)
    .constdata                               0x0000079e   Section       17  __printf_flags_wp.o(.constdata)
    maptable                                 0x0000079e   Data          17  __printf_flags_wp.o(.constdata)
    .data                                    0x20000000   Section        4  retarget_cm0ikmcu.o(.data)
    .bss                                     0x20000004   Section       96  libspace.o(.bss)

    Global Symbols

    Symbol Name                              Value     Ov Type        Size  Object(Section)

    BuildAttributes$$THM_ISAv3M$S$PE$A:L22$X:L11$S22$IEEE1$IW$USESV6$~STKCKD$USESV7$~SHL$OSPACE$ROPI$EBA8$UX$STANDARDLIB$REQ8$PRES8$EABIv2 0x00000000   Number         0  anon$$obj.o ABSOLUTE
    __ARM_use_no_argv                        0x00000000   Number         0  hellow.o ABSOLUTE
    __Vectors                                0x00000000   Data         192  boot.o(vectors)
    _printf_flags                            0x00000000   Number         0  printf_stubs.o ABSOLUTE
    _printf_return_value                     0x00000000   Number         0  printf_stubs.o ABSOLUTE
    _printf_sizespec                         0x00000000   Number         0  printf_stubs.o ABSOLUTE
    _printf_widthprec                        0x00000000   Number         0  printf_stubs.o ABSOLUTE
    __ARM_exceptions_init                     - Undefined Weak Reference
    __alloca_initialize                       - Undefined Weak Reference
    __arm_preinit_                            - Undefined Weak Reference
    __cpp_initialize__aeabi_                  - Undefined Weak Reference
    __cxa_finalize                            - Undefined Weak Reference
    __rt_locale                               - Undefined Weak Reference
    __sigvec_lookup                           - Undefined Weak Reference
    _atexit_init                              - Undefined Weak Reference
    _call_atexit_fns                          - Undefined Weak Reference
    _clock_init                               - Undefined Weak Reference
    _fp_trap_init                             - Undefined Weak Reference
    _fp_trap_shutdown                         - Undefined Weak Reference
    _get_lc_collate                           - Undefined Weak Reference
    _get_lc_ctype                             - Undefined Weak Reference
    _get_lc_monetary                          - Undefined Weak Reference
    _get_lc_numeric                           - Undefined Weak Reference
    _get_lc_time                              - Undefined Weak Reference
    _getenv_init                              - Undefined Weak Reference
    _handle_redirection                       - Undefined Weak Reference
    _init_alloc                               - Undefined Weak Reference
    _init_user_alloc                          - Undefined Weak Reference
    _initio                                   - Undefined Weak Reference
    _printf_truncate_signed                   - Undefined Weak Reference
    _printf_truncate_unsigned                 - Undefined Weak Reference
    _rand_init                                - Undefined Weak Reference
    _signal_finish                            - Undefined Weak Reference
    _signal_init                              - Undefined Weak Reference
    _terminate_alloc                          - Undefined Weak Reference
    _terminate_user_alloc                     - Undefined Weak Reference
    _terminateio                              - Undefined Weak Reference
    __main                                   0x000000c1   Thumb Code     8  __main.o(!!!main)
    __scatterload                            0x000000c9   Thumb Code     0  __scatter.o(!!!scatter)
    __scatterload_rt2                        0x000000c9   Thumb Code    52  __scatter.o(!!!scatter)
    __scatterload_rt2_thumb_only             0x000000c9   Thumb Code     0  __scatter.o(!!!scatter)
    __scatterload_null                       0x000000d9   Thumb Code     0  __scatter.o(!!!scatter)
    __scatterload_copy                       0x00000105   Thumb Code    26  __scatter_copy.o(!!handler_copy)
    __scatterload_zeroinit                   0x00000121   Thumb Code    28  __scatter_zi.o(!!handler_zi)
    _printf_percent                          0x0000013d   Thumb Code     0  _printf_percent.o(.ARM.Collect$$_printf_percent$$00000000)
    _printf_d                                0x0000013f   Thumb Code     0  _printf_d.o(.ARM.Collect$$_printf_percent$$00000009)
    _printf_x                                0x00000149   Thumb Code     0  _printf_x.o(.ARM.Collect$$_printf_percent$$0000000C)
    _printf_percent_end                      0x00000153   Thumb Code     0  _printf_percent_end.o(.ARM.Collect$$_printf_percent$$00000017)
    __rt_lib_init                            0x00000157   Thumb Code     0  libinit.o(.ARM.Collect$$libinit$$00000000)
    __rt_lib_init_alloca_1                   0x00000159   Thumb Code     0  libinit2.o(.ARM.Collect$$libinit$$0000002E)
    __rt_lib_init_argv_1                     0x00000159   Thumb Code     0  libinit2.o(.ARM.Collect$$libinit$$0000002C)
    __rt_lib_init_atexit_1                   0x00000159   Thumb Code     0  libinit2.o(.ARM.Collect$$libinit$$0000001B)
    __rt_lib_init_clock_1                    0x00000159   Thumb Code     0  libinit2.o(.ARM.Collect$$libinit$$00000021)
    __rt_lib_init_cpp_1                      0x00000159   Thumb Code     0  libinit2.o(.ARM.Collect$$libinit$$00000032)
    __rt_lib_init_exceptions_1               0x00000159   Thumb Code     0  libinit2.o(.ARM.Collect$$libinit$$00000030)
    __rt_lib_init_fp_1                       0x00000159   Thumb Code     0  libinit2.o(.ARM.Collect$$libinit$$00000002)
    __rt_lib_init_fp_trap_1                  0x00000159   Thumb Code     0  libinit2.o(.ARM.Collect$$libinit$$0000001F)
    __rt_lib_init_getenv_1                   0x00000159   Thumb Code     0  libinit2.o(.ARM.Collect$$libinit$$00000023)
    __rt_lib_init_heap_1                     0x00000159   Thumb Code     0  libinit2.o(.ARM.Collect$$libinit$$0000000A)
    __rt_lib_init_lc_collate_1               0x00000159   Thumb Code     0  libinit2.o(.ARM.Collect$$libinit$$00000011)
    __rt_lib_init_lc_ctype_1                 0x00000159   Thumb Code     0  libinit2.o(.ARM.Collect$$libinit$$00000013)
    __rt_lib_init_lc_monetary_1              0x00000159   Thumb Code     0  libinit2.o(.ARM.Collect$$libinit$$00000015)
    __rt_lib_init_lc_numeric_1               0x00000159   Thumb Code     0  libinit2.o(.ARM.Collect$$libinit$$00000017)
    __rt_lib_init_lc_time_1                  0x00000159   Thumb Code     0  libinit2.o(.ARM.Collect$$libinit$$00000019)
    __rt_lib_init_preinit_1                  0x00000159   Thumb Code     0  libinit2.o(.ARM.Collect$$libinit$$00000004)
    __rt_lib_init_rand_1                     0x00000159   Thumb Code     0  libinit2.o(.ARM.Collect$$libinit$$0000000E)
    __rt_lib_init_return                     0x00000159   Thumb Code     0  libinit2.o(.ARM.Collect$$libinit$$00000033)
    __rt_lib_init_signal_1                   0x00000159   Thumb Code     0  libinit2.o(.ARM.Collect$$libinit$$0000001D)
    __rt_lib_init_stdio_1                    0x00000159   Thumb Code     0  libinit2.o(.ARM.Collect$$libinit$$00000025)
    __rt_lib_init_user_alloc_1               0x00000159   Thumb Code     0  libinit2.o(.ARM.Collect$$libinit$$0000000C)
    __rt_lib_shutdown                        0x0000015b   Thumb Code     0  libshutdown.o(.ARM.Collect$$libshutdown$$00000000)
    __rt_lib_shutdown_fp_trap_1              0x0000015d   Thumb Code     0  libshutdown2.o(.ARM.Collect$$libshutdown$$00000006)
    __rt_lib_shutdown_heap_1                 0x0000015d   Thumb Code     0  libshutdown2.o(.ARM.Collect$$libshutdown$$0000000E)
    __rt_lib_shutdown_return                 0x0000015d   Thumb Code     0  libshutdown2.o(.ARM.Collect$$libshutdown$$0000000F)
    __rt_lib_shutdown_signal_1               0x0000015d   Thumb Code     0  libshutdown2.o(.ARM.Collect$$libshutdown$$00000009)
    __rt_lib_shutdown_stdio_1                0x0000015d   Thumb Code     0  libshutdown2.o(.ARM.Collect$$libshutdown$$00000003)
    __rt_lib_shutdown_user_alloc_1           0x0000015d   Thumb Code     0  libshutdown2.o(.ARM.Collect$$libshutdown$$0000000B)
    __rt_entry                               0x0000015f   Thumb Code     0  __rtentry.o(.ARM.Collect$$rtentry$$00000000)
    __rt_entry_presh_1                       0x0000015f   Thumb Code     0  __rtentry2.o(.ARM.Collect$$rtentry$$00000002)
    __rt_entry_sh                            0x0000015f   Thumb Code     0  __rtentry4.o(.ARM.Collect$$rtentry$$00000004)
    __rt_entry_li                            0x00000165   Thumb Code     0  __rtentry2.o(.ARM.Collect$$rtentry$$0000000A)
    __rt_entry_postsh_1                      0x00000165   Thumb Code     0  __rtentry2.o(.ARM.Collect$$rtentry$$00000009)
    __rt_entry_main                          0x00000169   Thumb Code     0  __rtentry2.o(.ARM.Collect$$rtentry$$0000000D)
    __rt_entry_postli_1                      0x00000169   Thumb Code     0  __rtentry2.o(.ARM.Collect$$rtentry$$0000000C)
    __rt_exit                                0x00000171   Thumb Code     0  rtexit.o(.ARM.Collect$$rtexit$$00000000)
    __rt_exit_ls                             0x00000173   Thumb Code     0  rtexit2.o(.ARM.Collect$$rtexit$$00000003)
    __rt_exit_prels_1                        0x00000173   Thumb Code     0  rtexit2.o(.ARM.Collect$$rtexit$$00000002)
    __rt_exit_exit                           0x00000177   Thumb Code     0  rtexit2.o(.ARM.Collect$$rtexit$$00000004)
    NMI_Handler                              0x0000017d   Thumb Code     4  boot.o(.text)
    HardFault_Handler                        0x00000181   Thumb Code     4  boot.o(.text)
    SVC_Handler                              0x00000185   Thumb Code     4  boot.o(.text)
    PendSV_Handler                           0x00000189   Thumb Code     4  boot.o(.text)
    SysTick_Handler                          0x0000018d   Thumb Code     4  boot.o(.text)
    GPIO_IRQHandler                          0x00000191   Thumb Code     4  boot.o(.text)
    Default_IRQHandler                       0x00000195   Thumb Code     4  boot.o(.text)
    Reset_Handler                            0x00000199   Thumb Code     8  boot.o(.text)
    __user_initial_stackheap                 0x000001a1   Thumb Code    30  boot.o(.text)
    _sys_exit                                0x000001bf   Thumb Code    30  boot.o(.text)
    SystemInit                               0x000001dd   Thumb Code     2  system_cm0ikmcu.o(.text)
    cm0ikmcu_char_write                      0x000001e1   Thumb Code    16  retarget_cm0ikmcu.o(.text)
    _ttywrch                                 0x000001f1   Thumb Code    12  retarget_cm0ikmcu.o(.text)
    fputc                                    0x000001fd   Thumb Code    16  retarget_cm0ikmcu.o(.text)
    ferror                                   0x0000020d   Thumb Code     8  retarget_cm0ikmcu.o(.text)
    IKInit                                   0x00000219   Thumb Code    78  iktests.o(.text)
    StartDebugDriver                         0x00000267   Thumb Code    30  iktests.o(.text)
    CheckDebugDriver                         0x00000285   Thumb Code    26  iktests.o(.text)
    CallDebugDriver                          0x0000029f   Thumb Code    16  iktests.o(.text)
    main                                     0x000002cd   Thumb Code    80  hellow.o(.text)
    __use_no_semihosting                     0x00000375   Thumb Code     2  use_no_semi_2.o(.text)
    __2printf                                0x00000379   Thumb Code    22  noretval__2printf.o(.text)
    _printf_pre_padding                      0x00000395   Thumb Code    44  _printf_pad.o(.text)
    _printf_post_padding                     0x000003c1   Thumb Code    34  _printf_pad.o(.text)
    _printf_int_dec                          0x000003e5   Thumb Code    90  _printf_dec.o(.text)
    _printf_int_hex                          0x00000451   Thumb Code    84  _printf_hex_int.o(.text)
    _printf_longlong_hex                     0x00000451   Thumb Code     0  _printf_hex_int.o(.text)
    __printf                                 0x000004a9   Thumb Code   306  __printf_flags_wp.o(.text)
    __I$use$semihosting                      0x000005e1   Thumb Code     0  use_no_semi.o(.text)
    __use_no_semihosting_swi                 0x000005e1   Thumb Code     2  use_no_semi.o(.text)
    _printf_int_common                       0x000005e3   Thumb Code   176  _printf_intcommon.o(.text)
    _printf_char_file                        0x00000695   Thumb Code    34  _printf_char_file.o(.text)
    __rt_udiv10                              0x000006bd   Thumb Code    40  rtudiv10.o(.text)
    _printf_char_common                      0x000006ef   Thumb Code    32  _printf_char_common.o(.text)
    __user_setup_stackheap                   0x00000715   Thumb Code    62  sys_stackheap_outer.o(.text)
    exit                                     0x00000753   Thumb Code    12  exit.o(.text)
    __user_libspace                          0x00000761   Thumb Code     8  libspace.o(.text)
    __user_perproc_libspace                  0x00000761   Thumb Code     0  libspace.o(.text)
    __user_perthread_libspace                0x00000761   Thumb Code     0  libspace.o(.text)
    _is_digit                                0x00000769   Thumb Code    14  __printf_wp.o(i._is_digit)
    Region$$Table$$Base                      0x000007b0   Number         0  anon$$obj.o(Region$$Table)
    Region$$Table$$Limit                     0x000007d0   Number         0  anon$$obj.o(Region$$Table)
    __stdout                                 0x20000000   Data           4  retarget_cm0ikmcu.o(.data)
    __libspace_start                         0x20000004   Data          96  libspace.o(.bss)
    __temporary_stack_top$libspace           0x20000064   Data           0  libspace.o(.bss)



==============================================================================

Memory Map of the image

  Image Entry point : 0x00000199

  Load Region LR_1 (Base: 0x00000000, Size: 0x000007d4, Max: 0xffffffff, ABSOLUTE)

    Execution Region ER_RO (Base: 0x00000000, Size: 0x000007d0, Max: 0xffffffff, ABSOLUTE)

    Base Addr    Size         Type   Attr      Idx    E Section Name        Object

    0x00000000   0x000000c0   Data   RO            2    vectors             boot.o
    0x000000c0   0x00000008   Code   RO          181  * !!!main             c_p.l(__main.o)
    0x000000c8   0x0000003c   Code   RO          346    !!!scatter          c_p.l(__scatter.o)
    0x00000104   0x0000001a   Code   RO          348    !!handler_copy      c_p.l(__scatter_copy.o)
    0x0000011e   0x00000002   PAD
    0x00000120   0x0000001c   Code   RO          350    !!handler_zi        c_p.l(__scatter_zi.o)
    0x0000013c   0x00000002   Code   RO          180    .ARM.Collect$$_printf_percent$$00000000  c_p.l(_printf_percent.o)
    0x0000013e   0x0000000a   Code   RO          179    .ARM.Collect$$_printf_percent$$00000009  c_p.l(_printf_d.o)
    0x00000148   0x0000000a   Code   RO          178    .ARM.Collect$$_printf_percent$$0000000C  c_p.l(_printf_x.o)
    0x00000152   0x00000004   Code   RO          190    .ARM.Collect$$_printf_percent$$00000017  c_p.l(_printf_percent_end.o)
    0x00000156   0x00000002   Code   RO          222    .ARM.Collect$$libinit$$00000000  c_p.l(libinit.o)
    0x00000158   0x00000000   Code   RO          230    .ARM.Collect$$libinit$$00000002  c_p.l(libinit2.o)
    0x00000158   0x00000000   Code   RO          232    .ARM.Collect$$libinit$$00000004  c_p.l(libinit2.o)
    0x00000158   0x00000000   Code   RO          235    .ARM.Collect$$libinit$$0000000A  c_p.l(libinit2.o)
    0x00000158   0x00000000   Code   RO          237    .ARM.Collect$$libinit$$0000000C  c_p.l(libinit2.o)
    0x00000158   0x00000000   Code   RO          239    .ARM.Collect$$libinit$$0000000E  c_p.l(libinit2.o)
    0x00000158   0x00000000   Code   RO          242    .ARM.Collect$$libinit$$00000011  c_p.l(libinit2.o)
    0x00000158   0x00000000   Code   RO          244    .ARM.Collect$$libinit$$00000013  c_p.l(libinit2.o)
    0x00000158   0x00000000   Code   RO          246    .ARM.Collect$$libinit$$00000015  c_p.l(libinit2.o)
    0x00000158   0x00000000   Code   RO          248    .ARM.Collect$$libinit$$00000017  c_p.l(libinit2.o)
    0x00000158   0x00000000   Code   RO          250    .ARM.Collect$$libinit$$00000019  c_p.l(libinit2.o)
    0x00000158   0x00000000   Code   RO          252    .ARM.Collect$$libinit$$0000001B  c_p.l(libinit2.o)
    0x00000158   0x00000000   Code   RO          254    .ARM.Collect$$libinit$$0000001D  c_p.l(libinit2.o)
    0x00000158   0x00000000   Code   RO          256    .ARM.Collect$$libinit$$0000001F  c_p.l(libinit2.o)
    0x00000158   0x00000000   Code   RO          258    .ARM.Collect$$libinit$$00000021  c_p.l(libinit2.o)
    0x00000158   0x00000000   Code   RO          260    .ARM.Collect$$libinit$$00000023  c_p.l(libinit2.o)
    0x00000158   0x00000000   Code   RO          262    .ARM.Collect$$libinit$$00000025  c_p.l(libinit2.o)
    0x00000158   0x00000000   Code   RO          266    .ARM.Collect$$libinit$$0000002C  c_p.l(libinit2.o)
    0x00000158   0x00000000   Code   RO          268    .ARM.Collect$$libinit$$0000002E  c_p.l(libinit2.o)
    0x00000158   0x00000000   Code   RO          270    .ARM.Collect$$libinit$$00000030  c_p.l(libinit2.o)
    0x00000158   0x00000000   Code   RO          272    .ARM.Collect$$libinit$$00000032  c_p.l(libinit2.o)
    0x00000158   0x00000002   Code   RO          273    .ARM.Collect$$libinit$$00000033  c_p.l(libinit2.o)
    0x0000015a   0x00000002   Code   RO          291    .ARM.Collect$$libshutdown$$00000000  c_p.l(libshutdown.o)
    0x0000015c   0x00000000   Code   RO          302    .ARM.Collect$$libshutdown$$00000003  c_p.l(libshutdown2.o)
    0x0000015c   0x00000000   Code   RO          305    .ARM.Collect$$libshutdown$$00000006  c_p.l(libshutdown2.o)
    0x0000015c   0x00000000   Code   RO          308    .ARM.Collect$$libshutdown$$00000009  c_p.l(libshutdown2.o)
    0x0000015c   0x00000000   Code   RO          310    .ARM.Collect$$libshutdown$$0000000B  c_p.l(libshutdown2.o)
    0x0000015c   0x00000000   Code   RO          313    .ARM.Collect$$libshutdown$$0000000E  c_p.l(libshutdown2.o)
    0x0000015c   0x00000002   Code   RO          314    .ARM.Collect$$libshutdown$$0000000F  c_p.l(libshutdown2.o)
    0x0000015e   0x00000000   Code   RO          185    .ARM.Collect$$rtentry$$00000000  c_p.l(__rtentry.o)
    0x0000015e   0x00000000   Code   RO          194    .ARM.Collect$$rtentry$$00000002  c_p.l(__rtentry2.o)
    0x0000015e   0x00000006   Code   RO          206    .ARM.Collect$$rtentry$$00000004  c_p.l(__rtentry4.o)
    0x00000164   0x00000000   Code   RO          196    .ARM.Collect$$rtentry$$00000009  c_p.l(__rtentry2.o)
    0x00000164   0x00000004   Code   RO          197    .ARM.Collect$$rtentry$$0000000A  c_p.l(__rtentry2.o)
    0x00000168   0x00000000   Code   RO          199    .ARM.Collect$$rtentry$$0000000C  c_p.l(__rtentry2.o)
    0x00000168   0x00000008   Code   RO          200    .ARM.Collect$$rtentry$$0000000D  c_p.l(__rtentry2.o)
    0x00000170   0x00000002   Code   RO          227    .ARM.Collect$$rtexit$$00000000  c_p.l(rtexit.o)
    0x00000172   0x00000000   Code   RO          275    .ARM.Collect$$rtexit$$00000002  c_p.l(rtexit2.o)
    0x00000172   0x00000004   Code   RO          276    .ARM.Collect$$rtexit$$00000003  c_p.l(rtexit2.o)
    0x00000176   0x00000006   Code   RO          277    .ARM.Collect$$rtexit$$00000004  c_p.l(rtexit2.o)
    0x0000017c   0x00000060   Code   RO            1  * .text               boot.o
    0x000001dc   0x00000002   Code   RO           59    .text               system_cm0ikmcu.o
    0x000001de   0x00000002   PAD
    0x000001e0   0x00000038   Code   RO           77    .text               retarget_cm0ikmcu.o
    0x00000218   0x000000b4   Code   RO           99    .text               iktests.o
    0x000002cc   0x000000a8   Code   RO          111    .text               hellow.o
    0x00000374   0x00000002   Code   RO          125    .text               c_p.l(use_no_semi_2.o)
    0x00000376   0x00000002   PAD
    0x00000378   0x0000001c   Code   RO          129    .text               c_p.l(noretval__2printf.o)
    0x00000394   0x0000004e   Code   RO          133    .text               c_p.l(_printf_pad.o)
    0x000003e2   0x00000002   PAD
    0x000003e4   0x0000006c   Code   RO          135    .text               c_p.l(_printf_dec.o)
    0x00000450   0x00000058   Code   RO          140    .text               c_p.l(_printf_hex_int.o)
    0x000004a8   0x00000138   Code   RO          170    .text               c_p.l(__printf_flags_wp.o)
    0x000005e0   0x00000002   Code   RO          183    .text               c_p.l(use_no_semi.o)
    0x000005e2   0x000000b0   Code   RO          186    .text               c_p.l(_printf_intcommon.o)
    0x00000692   0x00000002   PAD
    0x00000694   0x00000028   Code   RO          188    .text               c_p.l(_printf_char_file.o)
    0x000006bc   0x00000028   Code   RO          191    .text               c_p.l(rtudiv10.o)
    0x000006e4   0x00000030   Code   RO          208    .text               c_p.l(_printf_char_common.o)
    0x00000714   0x0000003e   Code   RO          210    .text               c_p.l(sys_stackheap_outer.o)
    0x00000752   0x0000000c   Code   RO          215    .text               c_p.l(exit.o)
    0x0000075e   0x00000002   PAD
    0x00000760   0x00000008   Code   RO          223    .text               c_p.l(libspace.o)
    0x00000768   0x0000000e   Code   RO          168    i._is_digit         c_p.l(__printf_wp.o)
    0x00000776   0x00000028   Data   RO          141    .constdata          c_p.l(_printf_hex_int.o)
    0x0000079e   0x00000011   Data   RO          171    .constdata          c_p.l(__printf_flags_wp.o)
    0x000007af   0x00000001   PAD
    0x000007b0   0x00000020   Data   RO          344    Region$$Table       anon$$obj.o


    Execution Region ER_RW (Base: 0x20000000, Size: 0x00000004, Max: 0xffffffff, ABSOLUTE)

    Base Addr    Size         Type   Attr      Idx    E Section Name        Object

    0x20000000   0x00000004   Data   RW           78    .data               retarget_cm0ikmcu.o


    Execution Region ER_ZI (Base: 0x20000004, Size: 0x00000060, Max: 0xffffffff, ABSOLUTE)

    Base Addr    Size         Type   Attr      Idx    E Section Name        Object

    0x20000004   0x00000060   Zero   RW          224    .bss                c_p.l(libspace.o)


==============================================================================

Image component sizes


      Code (inc. data)   RO Data    RW Data    ZI Data      Debug   Object Name

        96          0        192          0          0       8851   boot.o
       168         88          0          0          0        555   hellow.o
       180         30          0          0          0       1135   iktests.o
        56          4          0          4          0       3058   retarget_cm0ikmcu.o
         2          0          0          0          0        469   system_cm0ikmcu.o

    ----------------------------------------------------------------------
       504        122        224          4          0      14068   Object Totals
         0          0         32          0          0          0   (incl. Generated)
         2          0          0          0          0          0   (incl. Padding)

    ----------------------------------------------------------------------

      Code (inc. data)   RO Data    RW Data    ZI Data      Debug   Library Member Name

         8          0          0          0          0         68   __main.o
       312          6         17          0          0         76   __printf_flags_wp.o
        14          0          0          0          0         60   __printf_wp.o
         0          0          0          0          0          0   __rtentry.o
        12          0          0          0          0          0   __rtentry2.o
         6          0          0          0          0          0   __rtentry4.o
        60          8          0          0          0          0   __scatter.o
        26          0          0          0          0          0   __scatter_copy.o
        28          0          0          0          0          0   __scatter_zi.o
        48          6          0          0          0         88   _printf_char_common.o
        40          6          0          0          0         72   _printf_char_file.o
        10          0          0          0          0          0   _printf_d.o
       108         18          0          0          0         76   _printf_dec.o
        88          4         40          0          0         72   _printf_hex_int.o
       176          0          0          0          0         84   _printf_intcommon.o
        78          0          0          0          0        100   _printf_pad.o
         2          0          0          0          0          0   _printf_percent.o
         4          0          0          0          0          0   _printf_percent_end.o
        10          0          0          0          0          0   _printf_x.o
        12          0          0          0          0         64   exit.o
         2          0          0          0          0          0   libinit.o
         2          0          0          0          0          0   libinit2.o
         2          0          0          0          0          0   libshutdown.o
         2          0          0          0          0          0   libshutdown2.o
         8          4          0          0         96         68   libspace.o
        28          6          0          0          0         84   noretval__2printf.o
         2          0          0          0          0          0   rtexit.o
        10          0          0          0          0          0   rtexit2.o
        40          0          0          0          0         60   rtudiv10.o
        62          0          0          0          0         80   sys_stackheap_outer.o
         2          0          0          0          0         68   use_no_semi.o
         2          0          0          0          0         68   use_no_semi_2.o

    ----------------------------------------------------------------------
      1214         58         58          0         96       1188   Library Totals
        10          0          1          0          0          0   (incl. Padding)

    ----------------------------------------------------------------------

      Code (inc. data)   RO Data    RW Data    ZI Data      Debug   Library Name

      1204         58         57          0         96       1188   c_p.l

    ----------------------------------------------------------------------
      1214         58         58          0         96       1188   Library Totals

    ----------------------------------------------------------------------

==============================================================================


      Code (inc. data)   RO Data    RW Data    ZI Data      Debug   

      1718        180        282          4         96      14548   Grand Totals
      1718        180        282          4         96      14548   ELF Image Totals
      1718        180        282          4          0          0   ROM Totals

==============================================================================

    Total RO  Size (Code + RO Data)                 2000 (   1.95kB)
    Total RW  Size (RW Data + ZI Data)               100 (   0.10kB)
    Total ROM Size (Code + RO Data + RW Data)       2004 (   1.96kB)

==============================================================================

