<html>
<body>
<pre>
<h1>礦ision Build Log</h1>
<h2>Tool Versions:</h2>
IDE-Version: μVision V5.13.0.0
Copyright (C) 2014 ARM Ltd and ARM Germany GmbH. All rights reserved.
License Information: JC Microsoft, Microsoft, LIC=MGX74-F2912-TJ06H-W2PMT-XERBD-FJHKQ
 
Tool Versions:
Toolchain:       MDK-ARM Professional  Version: 5.13.0.0
Toolchain Path:  E:\Keil_v5\ARM\ARMCC\Bin
C Compiler:      Armcc.exe V5.05 update 1 (build 106)
Assembler:       Armasm.exe V5.05 update 1 (build 106)
Linker/Locator:  ArmLink.exe V5.05 update 1 (build 106)
Library Manager: ArmAr.exe V5.05 update 1 (build 106)
Hex Converter:   FromElf.exe V5.05 update 1 (build 106)
CPU DLL:         SARMCM3.DLL V5.13.0.0
Dialog DLL:      DARMCM1.DLL V1.12.0.0 
<h2>Project:</h2>
F:\中大\工作实习\8.2 Cortex-M0软核学习\cortex_m0\AT510-BU-50000-r0p0-02rel0\integration_kit\validation\mdk\hellow.uvproj
Project File Date:  06/19/2018

<h2>Output:</h2>
Rebuild target 'CM0IKMCU - Cortex-M0'
compiling boot.c...
compiling core_cm0.c...
compiling system_cm0ikmcu.c...
compiling retarget_cm0ikmcu.c...
compiling IKtests.c...
compiling hellow.c...
linking...
Program Size: Code=1718 RO-data=282 RW-data=4 ZI-data=96  
After Build - User command #1: fromelf --bin --output ../tests/hellow.bin hellow.axf
".\hellow.axf" - 0 Error(s), 0 Warning(s).
</pre>
</body>
</html>
